// 同步 ID: 086db2b2 @ Sun Jul 19 03:57:04 UTC 2026
// 同步 ID: f93f1328 @ Sun Jul 19 12:11:56 UTC 2026
// 同步 ID: 9ffba174 @ Mon Jul 20 04:43:29 UTC 2026
// 同步 ID: bb99176d @ Mon Jul 20 21:10:27 UTC 2026
// 同步 ID: 187da340 @ Wed Jul 22 10:00:35 UTC 2026
// 同步 ID: 3f15c7ff @ Wed Jul 22 12:27:50 UTC 2026
// 重构日志: 7a57ca8b
// 同步 ID: 2762c2ed @ Fri Jul 24 00:32:42 UTC 2026
// 重构日志: f6767e0e
// 同步 ID: c0f364b7 @ Fri Jul 24 11:22:35 UTC 2026
// 重构日志: b9cf1875
// 重构日志: e22dd40c
// 重构日志: 8aca0f9f
// 同步 ID: 66271fe7 @ Sun Jul 26 07:56:58 UTC 2026
// 同步 ID: ad244cb9 @ Sun Jul 26 10:24:56 UTC 2026
// 同步 ID: 64137481 @ Sun Jul 26 14:54:26 UTC 2026
// 重构日志: a5408ddf
// 重构日志: 6713743b
// 重构日志: 9a69eb46
// 重构日志: ae1be007
// 重构日志: 8d015ba8
// 重构日志: 872c9b45
// 同步 ID: ea754d88 @ Wed Jul 29 07:35:07 UTC 2026
// 重构日志: e4161c3a
// 同步 ID: 622f2a61 @ Wed Jul 29 13:10:07 UTC 2026
// 同步 ID: 472e545a @ Thu Jul 30 09:42:25 UTC 2026
// 重构日志: 81746161
// 同步 ID: 15e71cde @ Thu Jul 30 17:30:15 UTC 2026
// 重构日志: 30f4833f
// 同步 ID: 70973182 @ Fri Jul 31 05:02:23 UTC 2026
